(node:10612) Warning: SECURITY WARNING: The SSL modes 'prefer', 'require', and 'verify-ca' are treated as aliases for 'verify-full'.
In the next major version (pg-connection-string v3.0.0 and pg v9.0.0), these modes will adopt standard libpq semantics, which have weaker security guarantees.

To prepare for this change:
- If you want the current behavior, explicitly use 'sslmode=verify-full'
- If you want libpq compatibility now, use 'uselibpqcompat=true&sslmode=require'

See https://www.postgresql.org/docs/current/libpq-ssl.html for libpq SSL mode definitions.
(Use `node --trace-warnings ...` to show where the warning was created)
Failed to ensure today habit occurrences: Error [PrismaClientKnownRequestError]: 
Invalid `prisma.habit.findMany()` invocation:


Error opening a TLS connection: self-signed certificate in certificate chain
    at async t (C:\projects\privati\non-lho-comprato\.next\server\chunks\ssr\[root-of-the-server]__0n8mb5_._.js:1:13381)
    at async z (C:\projects\privati\non-lho-comprato\.next\server\chunks\ssr\_0c9x34e._.js:1:15199) {
  code: 'P1011',
  meta: {
    modelName: 'Habit',
    driverAdapterError: Error [DriverAdapterError]: TlsConnectionError
        at F.onError (C:\projects\privati\non-lho-comprato\.next\server\chunks\ssr\[root-of-the-server]__11ri9_z._.js:1:11951)
        at F.performIO (C:\projects\privati\non-lho-comprato\.next\server\chunks\ssr\[root-of-the-server]__11ri9_z._.js:1:11892)
        at async F.queryRaw (C:\projects\privati\non-lho-comprato\.next\server\chunks\ssr\[root-of-the-server]__11ri9_z._.js:1:8478) {
      [cause]: [Object]
    }
  },
  clientVersion: '7.8.0'
}
Failed to finalize old habit occurrences: Error [PrismaClientKnownRequestError]: 
Invalid `prisma.habitOccurrence.findMany()` invocation:


Error opening a TLS connection: self-signed certificate in certificate chain
    at async y (C:\projects\privati\non-lho-comprato\.next\server\chunks\ssr\[root-of-the-server]__0n8mb5_._.js:1:14399)
    at async z (C:\projects\privati\non-lho-comprato\.next\server\chunks\ssr\_0c9x34e._.js:1:15241) {
  code: 'P1011',
  meta: {
    modelName: 'HabitOccurrence',
    driverAdapterError: Error [DriverAdapterError]: TlsConnectionError
        at F.onError (C:\projects\privati\non-lho-comprato\.next\server\chunks\ssr\[root-of-the-server]__11ri9_z._.js:1:11951)
        at F.performIO (C:\projects\privati\non-lho-comprato\.next\server\chunks\ssr\[root-of-the-server]__11ri9_z._.js:1:11892)
        at async F.queryRaw (C:\projects\privati\non-lho-comprato\.next\server\chunks\ssr\[root-of-the-server]__11ri9_z._.js:1:8478) {
      [cause]: [Object]
    }
  },
  clientVersion: '7.8.0'
}
Failed to load streak data: Error [PrismaClientKnownRequestError]: 
Invalid `prisma.entry.findMany()` invocation:


Error opening a TLS connection: self-signed certificate in certificate chain
    at async k (C:\projects\privati\non-lho-comprato\.next\server\chunks\ssr\[root-of-the-server]__094hco3._.js:1:30763)
    at async l (C:\projects\privati\non-lho-comprato\.next\server\chunks\ssr\[root-of-the-server]__094hco3._.js:1:32468)
    at async z (C:\projects\privati\non-lho-comprato\.next\server\chunks\ssr\_0c9x34e._.js:1:15508) {
  code: 'P1011',
  meta: {
    modelName: 'Entry',
    driverAdapterError: Error [DriverAdapterError]: TlsConnectionError
        at F.onError (C:\projects\privati\non-lho-comprato\.next\server\chunks\ssr\[root-of-the-server]__11ri9_z._.js:1:11951)
        at F.performIO (C:\projects\privati\non-lho-comprato\.next\server\chunks\ssr\[root-of-the-server]__11ri9_z._.js:1:11892)
        at async F.queryRaw (C:\projects\privati\non-lho-comprato\.next\server\chunks\ssr\[root-of-the-server]__11ri9_z._.js:1:8478) {
      [cause]: [Object]
    }
  },
  clientVersion: '7.8.0'
}
Failed to load dashboard data: Error [PrismaClientKnownRequestError]: 
Invalid `prisma.entry.findMany()` invocation:


Error opening a TLS connection: self-signed certificate in certificate chain
    at async w (C:\projects\privati\non-lho-comprato\.next\server\chunks\ssr\[root-of-the-server]__0rptbb6._.js:1:4131)
    at async z (C:\projects\privati\non-lho-comprato\.next\server\chunks\ssr\_0c9x34e._.js:1:15508) {
  code: 'P1011',
  meta: {
    modelName: 'Entry',
    driverAdapterError: Error [DriverAdapterError]: TlsConnectionError
        at F.onError (C:\projects\privati\non-lho-comprato\.next\server\chunks\ssr\[root-of-the-server]__11ri9_z._.js:1:11951)
        at F.performIO (C:\projects\privati\non-lho-comprato\.next\server\chunks\ssr\[root-of-the-server]__11ri9_z._.js:1:11892)
        at async F.queryRaw (C:\projects\privati\non-lho-comprato\.next\server\chunks\ssr\[root-of-the-server]__11ri9_z._.js:1:8478) {
      [cause]: [Object]
    }
  },
  clientVersion: '7.8.0'
}
Failed to load today dashboard summary: Error [PrismaClientKnownRequestError]: 
Invalid `prisma.entry.findMany()` invocation:


Error opening a TLS connection: self-signed certificate in certificate chain
    at async k (C:\projects\privati\non-lho-comprato\.next\server\chunks\ssr\[root-of-the-server]__094hco3._.js:1:33494) {
  code: 'P1011',
  meta: {
    modelName: 'Entry',
    driverAdapterError: Error [DriverAdapterError]: TlsConnectionError
        at F.onError (C:\projects\privati\non-lho-comprato\.next\server\chunks\ssr\[root-of-the-server]__11ri9_z._.js:1:11951)
        at F.performIO (C:\projects\privati\non-lho-comprato\.next\server\chunks\ssr\[root-of-the-server]__11ri9_z._.js:1:11892)
        at async F.queryRaw (C:\projects\privati\non-lho-comprato\.next\server\chunks\ssr\[root-of-the-server]__11ri9_z._.js:1:8478) {
      [cause]: [Object]
    }
  },
  clientVersion: '7.8.0'
}
Failed to load goals: Error [PrismaClientKnownRequestError]: 
Invalid `prisma.goal.findMany()` invocation:


Error opening a TLS connection: self-signed certificate in certificate chain
    at async q (C:\projects\privati\non-lho-comprato\.next\server\chunks\ssr\[root-of-the-server]__0p9oqxm._.js:1:2122) {
  code: 'P1011',
  meta: {
    modelName: 'Goal',
    driverAdapterError: Error [DriverAdapterError]: TlsConnectionError
        at F.onError (C:\projects\privati\non-lho-comprato\.next\server\chunks\ssr\[root-of-the-server]__11ri9_z._.js:1:11951)
        at F.performIO (C:\projects\privati\non-lho-comprato\.next\server\chunks\ssr\[root-of-the-server]__11ri9_z._.js:1:11892)
        at async F.queryRaw (C:\projects\privati\non-lho-comprato\.next\server\chunks\ssr\[root-of-the-server]__11ri9_z._.js:1:8478) {
      [cause]: [Object]
    }
  },
  clientVersion: '7.8.0'
}
Failed to load today habit occurrences: Error [PrismaClientKnownRequestError]: 
Invalid `prisma.habitOccurrence.findMany()` invocation:


Error opening a TLS connection: self-signed certificate in certificate chain
    at async u (C:\projects\privati\non-lho-comprato\.next\server\chunks\ssr\[root-of-the-server]__0n8mb5_._.js:1:14014) {
  code: 'P1011',
  meta: {
    modelName: 'HabitOccurrence',
    driverAdapterError: Error [DriverAdapterError]: TlsConnectionError
        at F.onError (C:\projects\privati\non-lho-comprato\.next\server\chunks\ssr\[root-of-the-server]__11ri9_z._.js:1:11951)
        at F.performIO (C:\projects\privati\non-lho-comprato\.next\server\chunks\ssr\[root-of-the-server]__11ri9_z._.js:1:11892)
        at async F.queryRaw (C:\projects\privati\non-lho-comprato\.next\server\chunks\ssr\[root-of-the-server]__11ri9_z._.js:1:8478) {
      [cause]: [Object]
    }
  },
  clientVersion: '7.8.0'
}
Failed to load monthly report: Error [PrismaClientKnownRequestError]: 
Invalid `prisma.entry.findMany()` invocation:


Error opening a TLS connection: self-signed certificate in certificate chain
    at async w (C:\projects\privati\non-lho-comprato\.next\server\chunks\ssr\[root-of-the-server]__094hco3._.js:1:25256) {
  code: 'P1011',
  meta: {
    modelName: 'Entry',
    driverAdapterError: Error [DriverAdapterError]: TlsConnectionError
        at F.onError (C:\projects\privati\non-lho-comprato\.next\server\chunks\ssr\[root-of-the-server]__11ri9_z._.js:1:11951)
        at F.performIO (C:\projects\privati\non-lho-comprato\.next\server\chunks\ssr\[root-of-the-server]__11ri9_z._.js:1:11892)
        at async F.queryRaw (C:\projects\privati\non-lho-comprato\.next\server\chunks\ssr\[root-of-the-server]__11ri9_z._.js:1:8478) {
      [cause]: [Object]
    }
  },
  clientVersion: '7.8.0'
}
